// Jest Snapshot v1, https://goo.gl/fbAQLP

exports[`Post matches snapshot 1`] = `
<div>
  <div>
    <p>
      First
    </p>
  </div>
</div>
`;
